Checking for running OAuth2Server processes...
Building Project with configuration: Debug
Installing dependencies with Conan...
scripts\backend\build.bat : 
所在位置 行:1 字符: 1
+ scripts\backend\build.bat -debug 2>&1 | Out-File -F
ilePath build_outp ...
+ ~~~~~~~~~~~~~~~~~~~~~~~~~~~~~~~~~~~~~
    + CategoryInfo          : NotSpecified: (:String 
   ) [], RemoteException
    + FullyQualifiedErrorId : NativeCommandError
 
======== Input profiles ========
Profile host:
[settings]
arch=x86_64
build_type=Debug
compiler=msvc
compiler.cppstd=17
compiler.runtime=dynamic
compiler.runtime_type=Debug
compiler.version=194
os=Windows

Profile build:
[settings]
arch=x86_64
build_type=Release
compiler=msvc
compiler.cppstd=14
compiler.runtime=dynamic
compiler.runtime_type=Release
compiler.version=194
os=Windows


======== Computing dependency graph ========
Graph root
    conanfile.txt: D:\work\development\Repos\backend\
drogon-plugin\OAuth2-plugin-example\conanfile.txt
Requirements
    brotli/1.0.9#8419c3e664bc762bc479561c5c7d2274 - C
ache
    gtest/1.10.0#1bc89464a3c0d935d7844cc808bce233 - C
ache
    hiredis/1.0.0#3dd4d5484557f37f61630e5a991ce772 - 
Cache
    jsoncpp/1.9.4#758827a4d0cb914ad0c03f91e5b4808d - 
Cache
    openssl/1.1.1t#55e398751ff5310a8525645c99c81495 -
 Cache
    sqlite3/3.40.1#c5e96fa97eb3c61b44120e2695f528c9 -
 Cache
    zlib/1.2.11#bfceb3f8904b735f75c2b0df5713b1e6 - Ca
che
Build requirements
    nasm/2.15.05#f7d6a6f3b14f583e001d9ae84e8cd152 - C
ache
    strawberryperl/5.32.1.1#8d114504d172cfea8ea1662d0
9b6333e - Cache

======== Computing necessary packages ========
Connecting to remote 'conancenter' anonymously
jsoncpp/1.9.4: Main binary package 'a1a4f9c143ce4438c
1ed53b4e73368879031fc25' missing
jsoncpp/1.9.4: Checking 7 compatible configurations
jsoncpp/1.9.4: Found compatible package '492f32738664
71df8c36177ae702c7f72659d30d': compiler.cppstd=20
Requirements
    brotli/1.0.9#8419c3e664bc762bc479561c5c7d2274:e61
b328c57a7dac78df341bc28d447e08bf608e7#889b39c0f1751d9
d306e7f76a0b931fd - Cache
    gtest/1.10.0#1bc89464a3c0d935d7844cc808bce233:cce
50ed44555330221478e3f1d7117b604c72091#d60c77d0853d832
4594607867bcc1dde - Cache
    hiredis/1.0.0#3dd4d5484557f37f61630e5a991ce772:e2
342e096daaf28b61907f87f334593f90ef34ee#0e9e1a6a3a9836
d20e802e014411e630 - Cache
    jsoncpp/1.9.4#758827a4d0cb914ad0c03f91e5b4808d:49
2f3273866471df8c36177ae702c7f72659d30d#7f30cf8e27702c
db7a4703e4e10dad02 - Cache
    openssl/1.1.1t#55e398751ff5310a8525645c99c81495:b
1999ada8c065fa883f30ad1d3a5673f3caded69#d6d83c0398a7a
3ade72671572677dc5a - Cache
    sqlite3/3.40.1#c5e96fa97eb3c61b44120e2695f528c9:f
fe62853184f0b09ad7b1bc5503608e5f9b9aa2f#8933a6877e29e
c8dde8c939f1d241991 - Cache
    zlib/1.2.11#bfceb3f8904b735f75c2b0df5713b1e6:8b7e
35f91e516e42ed736c6dd52a9263da3a5dad#fcbfa8d17d1a2fc4
f70d8458456c1371 - Cache
Build requirements
Skipped binaries
    nasm/2.15.05, strawberryperl/5.32.1.1

======== Installing packages ========
brotli/1.0.9: Already installed! (1 of 7)
gtest/1.10.0: Already installed! (2 of 7)
hiredis/1.0.0: Already installed! (3 of 7)
jsoncpp/1.9.4: Already installed! (4 of 7)
sqlite3/3.40.1: Already installed! (5 of 7)
zlib/1.2.11: Already installed! (6 of 7)
openssl/1.1.1t: Already installed! (7 of 7)
WARN: deprecated: Usage of deprecated Conan 1.X featu
res that will be removed in Conan 2.X:
WARN: deprecated:     'cpp_info.build_modules' used i
n: sqlite3/3.40.1, jsoncpp/1.9.4, openssl/1.1.1t
WARN: deprecated:     'cpp_info.filenames' used in: s
qlite3/3.40.1
WARN: deprecated:     'cpp_info.names' used in: sqlit
e3/3.40.1, zlib/1.2.11, openssl/1.1.1t
WARN: deprecated:     'env_info' used in: sqlite3/3.4
0.1

======== Finalizing install (deploy, generators) ====
====
conanfile.txt: Writing generators to D:\work\developm
ent\Repos\backend\drogon-plugin\OAuth2-plugin-example
\build
conanfile.txt: Generator 'CMakeToolchain' calling 'ge
nerate()'
conanfile.txt: CMakeToolchain generated: conan_toolch
ain.cmake
conanfile.txt: CMakeToolchain: Preset 'conan-default'
 added to CMakePresets.json.
    (cmake>=3.23) cmake --preset conan-default
    (cmake<3.23) cmake <path> -G "Visual Studio 17 20
22" -DCMAKE_TOOLCHAIN_FILE=conan_toolchain.cmake  -DC
MAKE_POLICY_DEFAULT_CMP0091=NEW
conanfile.txt: CMakeToolchain generated: D:\work\deve
lopment\Repos\backend\drogon-plugin\OAuth2-plugin-exa
mple\build\CMakePresets.json
conanfile.txt: CMakeToolchain generated: D:\work\deve
lopment\Repos\backend\drogon-plugin\OAuth2-plugin-exa
mple\CMakeUserPresets.json
conanfile.txt: Generating aggregated env files
conanfile.txt: Generated aggregated env files: ['cona
nbuild.bat', 'conanrun.bat']
Install finished successfully
Configuring CMake...
-- Using Conan toolchain: D:/work/development/Repos/backend/drogon-plugin/OAuth2-plugin-example/build/conan_toolchain.cmake
-- Conan toolchain: CMAKE_GENERATOR_TOOLSET=v143
-- Conan toolchain: Setting CMAKE_MSVC_RUNTIME_LIBRARY=$<$<CONFIG:Debug>:MultiThreadedDebugDLL>
-- Conan toolchain: C++ Standard 17 with extensions OFF
-- Selecting Windows SDK version 10.0.26100.0 to target Windows 10.0.26200.
-- pg inc: C:/Program Files/PostgreSQL/13/includeC:/Program Files/PostgreSQL/13/include/server
-- pg inc: C:/Program Files/PostgreSQL/13/includeC:/Program Files/PostgreSQL/13/include/server
-- Configuring done (5.2s)
-- Generating done (0.2s)
-- Build files have been written to: D:/work/development/Repos/backend/drogon-plugin/OAuth2-plugin-example/build
Building...
閫傜敤浜?.NET Framework MSBuild 鐗堟湰 17.14.23+b0019275e

  OAuth2Plugin.vcxproj -> D:\work\development\Repos\backend\drogon-plugin\OAuth2-plugin-example\build\OAuth2Plugin\OAuth2Plugin.dir\Debug\OAuth2Plugin.lib
  OAuth2Server.vcxproj -> D:\work\development\Repos\backend\drogon-plugin\OAuth2-plugin-example\build\OAuth2Server\Debug\OAuth2Server.exe
  OAuth2Test_test.vcxproj -> D:\work\development\Repos\backend\drogon-plugin\OAuth2-plugin-example\build\OAuth2Server\test\Debug\OAuth2Test_test.exe
Copying config files...
已复制         1 个文件。
已复制         1 个文件。
Build completed successfully
