========================================
Running OAuth2 Tests (Dual-Config)
========================================
Build Type: Debug

[1/2] Running tests with standard config.json...
Test project D:/work/development/Repos/backend/drogon-plugin/OAuth2-plugin-example/build
    Start 1: OAuth2Tests
1/1 Test #1: OAuth2Tests ......................***Failed    9.16 sec
Initial config search found: ./config.json
Loaded config with ENV overrides from: ./config.json -> test_config_env_runtime.json
Main thread waiting for Drogon readiness...
Starting drogon::app().run()...
Drogon app ready, signaling tests to start...
Drogon ready. Pre-warming (500ms)...
Executing test::run()...
娉ㄦ剰:  鍏崇郴 "users" 宸茬粡瀛樺湪, 璺宠繃


0% tests passed, 1 tests failed out of 1

Total Test time (real) =   9.17 sec

The following tests FAILED:
	  1 - OAuth2Tests (Failed)
scripts\backend\test.bat : Errors while running CTest
所在位置 行:1 字符: 1
+ scripts\backend\test.bat -debug 2>&1 | Out-File -Fi
lePath test_output ...
+ ~~~~~~~~~~~~~~~~~~~~~~~~~~~~~~~~~~~~
    + CategoryInfo          : NotSpecified: (Errors  
   while running CTest:String) [], RemoteException
    + FullyQualifiedErrorId : NativeCommandError
 
[FAIL] Tests failed with standard config.json
